{"timestamp": "2026-07-21T05:39:07.195554", "type": "runtime", "data": {"status": "started"}}
{"timestamp": "2026-07-21T05:39:07.196059", "type": "pulse", "data": {"tick": 1784592547.1960568}}
{"timestamp": "2026-07-21T05:39:07.196539", "type": "orchestrator", "data": {"status": "running"}}
{"timestamp": "2026-07-21T05:39:07.196804", "type": "senses", "data": {"status": "listening"}}
{"timestamp": "2026-07-21T05:39:07.197271", "type": "guardian", "data": {"status": "patrolling"}}
{"timestamp": "2026-07-21T05:39:08.213029", "type": "pulse", "data": {"tick": 1784592548.2130258}}
{"timestamp": "2026-07-21T05:39:09.211776", "type": "senses", "data": {"status": "listening"}}
{"timestamp": "2026-07-21T05:39:09.215449", "type": "pulse", "data": {"tick": 1784592549.2154067}}
{"timestamp": "2026-07-21T05:39:10.199040", "type": "orchestrator", "data": {"status": "running"}}
{"timestamp": "2026-07-21T05:39:10.223772", "type": "pulse", "data": {"tick": 1784592550.2237685}}
{"timestamp": "2026-07-21T05:39:11.215476", "type": "senses", "data": {"status": "listening"}}
{"timestamp": "2026-07-21T05:39:11.229342", "type": "pulse", "data": {"tick": 1784592551.2293406}}
{"timestamp": "2026-07-21T05:39:12.202462", "type": "guardian", "data": {"status": "patrolling"}}
{"timestamp": "2026-07-21T05:39:12.239137", "type": "pulse", "data": {"tick": 1784592552.2391315}}
{"timestamp": "2026-07-21T05:39:13.201460", "type": "orchestrator", "data": {"status": "running"}}
{"timestamp": "2026-07-21T05:39:13.222148", "type": "senses", "data": {"status": "listening"}}
{"timestamp": "2026-07-21T05:39:13.250024", "type": "pulse", "data": {"tick": 1784592553.2500217}}
{"timestamp": "2026-07-21T05:39:14.251712", "type": "pulse", "data": {"tick": 1784592554.2517073}}
{"timestamp": "2026-07-21T05:39:15.223846", "type": "senses", "data": {"status": "listening"}}
{"timestamp": "2026-07-21T05:39:15.256992", "type": "pulse", "data": {"tick": 1784592555.2569888}}
{"timestamp": "2026-07-21T05:39:16.202678", "type": "orchestrator", "data": {"status": "running"}}
{"timestamp": "2026-07-21T05:39:16.272893", "type": "pulse", "data": {"tick": 1784592556.2728884}}
{"timestamp": "2026-07-21T05:39:17.208350", "type": "guardian", "data": {"status": "patrolling"}}
{"timestamp": "2026-07-21T05:39:17.231342", "type": "senses", "data": {"status": "listening"}}
{"timestamp": "2026-07-21T05:39:17.277996", "type": "pulse", "data": {"tick": 1784592557.2779915}}
{"timestamp": "2026-07-21T05:39:18.284926", "type": "pulse", "data": {"tick": 1784592558.2849214}}
{"timestamp": "2026-07-21T05:39:19.215576", "type": "orchestrator", "data": {"status": "running"}}
{"timestamp": "2026-07-21T05:39:19.238876", "type": "senses", "data": {"status": "listening"}}
{"timestamp": "2026-07-21T05:39:19.302044", "type": "pulse", "data": {"tick": 1784592559.3020403}}
{"timestamp": "2026-07-21T05:39:20.319584", "type": "pulse", "data": {"tick": 1784592560.3195782}}
{"timestamp": "2026-07-21T05:39:21.252126", "type": "senses", "data": {"status": "listening"}}
{"timestamp": "2026-07-21T05:39:21.326560", "type": "pulse", "data": {"tick": 1784592561.3265564}}
{"timestamp": "2026-07-21T05:39:22.213264", "type": "guardian", "data": {"status": "patrolling"}}
{"timestamp": "2026-07-21T05:39:22.222137", "type": "orchestrator", "data": {"status": "running"}}
{"timestamp": "2026-07-21T05:39:22.340394", "type": "pulse", "data": {"tick": 1784592562.340387}}
{"timestamp": "2026-07-21T05:39:23.252756", "type": "senses", "data": {"status": "listening"}}
{"timestamp": "2026-07-21T05:39:23.347309", "type": "pulse", "data": {"tick": 1784592563.3473043}}
{"timestamp": "2026-07-21T05:39:24.349027", "type": "pulse", "data": {"tick": 1784592564.3490222}}
{"timestamp": "2026-07-21T05:39:25.243261", "type": "orchestrator", "data": {"status": "running"}}
{"timestamp": "2026-07-21T05:39:25.266230", "type": "senses", "data": {"status": "listening"}}
{"timestamp": "2026-07-21T05:39:25.362653", "type": "pulse", "data": {"tick": 1784592565.3626475}}
{"timestamp": "2026-07-21T05:39:26.374965", "type": "pulse", "data": {"tick": 1784592566.3749597}}
{"timestamp": "2026-07-21T05:39:27.217218", "type": "guardian", "data": {"status": "patrolling"}}
{"timestamp": "2026-07-21T05:39:27.271206", "type": "senses", "data": {"status": "listening"}}
{"timestamp": "2026-07-21T05:39:27.385903", "type": "pulse", "data": {"tick": 1784592567.3858972}}
{"timestamp": "2026-07-21T05:39:28.245567", "type": "orchestrator", "data": {"status": "running"}}
{"timestamp": "2026-07-21T05:39:28.388836", "type": "pulse", "data": {"tick": 1784592568.388831}}
{"timestamp": "2026-07-21T05:39:29.277866", "type": "senses", "data": {"status": "listening"}}
{"timestamp": "2026-07-21T05:39:29.390188", "type": "pulse", "data": {"tick": 1784592569.390184}}
{"timestamp": "2026-07-21T05:39:30.403083", "type": "pulse", "data": {"tick": 1784592570.4030778}}
{"timestamp": "2026-07-21T05:39:31.249994", "type": "orchestrator", "data": {"status": "running"}}
{"timestamp": "2026-07-21T05:39:31.284606", "type": "senses", "data": {"status": "listening"}}
{"timestamp": "2026-07-21T05:39:31.408235", "type": "pulse", "data": {"tick": 1784592571.4082298}}
{"timestamp": "2026-07-21T05:39:32.222385", "type": "guardian", "data": {"status": "patrolling"}}
{"timestamp": "2026-07-21T05:39:32.409778", "type": "pulse", "data": {"tick": 1784592572.4097743}}
{"timestamp": "2026-07-21T05:39:33.301136", "type": "senses", "data": {"status": "listening"}}
{"timestamp": "2026-07-21T05:39:33.423326", "type": "pulse", "data": {"tick": 1784592573.42332}}
{"timestamp": "2026-07-21T05:39:34.258093", "type": "orchestrator", "data": {"status": "running"}}
{"timestamp": "2026-07-21T05:39:34.430839", "type": "pulse", "data": {"tick": 1784592574.4308329}}
{"timestamp": "2026-07-21T05:39:35.301713", "type": "senses", "data": {"status": "listening"}}
{"timestamp": "2026-07-21T05:39:35.431880", "type": "pulse", "data": {"tick": 1784592575.4318762}}
{"timestamp": "2026-07-21T05:39:36.444582", "type": "pulse", "data": {"tick": 1784592576.4445767}}
{"timestamp": "2026-07-21T05:39:37.229070", "type": "guardian", "data": {"status": "patrolling"}}
{"timestamp": "2026-07-21T05:39:37.264201", "type": "orchestrator", "data": {"status": "running"}}
{"timestamp": "2026-07-21T05:39:37.311784", "type": "senses", "data": {"status": "listening"}}
{"timestamp": "2026-07-21T05:39:37.446858", "type": "pulse", "data": {"tick": 1784592577.4468293}}
{"timestamp": "2026-07-21T05:39:38.451441", "type": "pulse", "data": {"tick": 1784592578.4514353}}
{"timestamp": "2026-07-21T05:39:39.319501", "type": "senses", "data": {"status": "listening"}}
{"timestamp": "2026-07-21T05:39:39.459832", "type": "pulse", "data": {"tick": 1784592579.4598267}}
{"timestamp": "2026-07-21T05:39:40.273055", "type": "orchestrator", "data": {"status": "running"}}
{"timestamp": "2026-07-21T05:39:40.465221", "type": "pulse", "data": {"tick": 1784592580.4652169}}
{"timestamp": "2026-07-21T05:39:41.336087", "type": "senses", "data": {"status": "listening"}}
{"timestamp": "2026-07-21T05:39:41.472012", "type": "pulse", "data": {"tick": 1784592581.4720075}}
{"timestamp": "2026-07-21T05:39:42.239291", "type": "guardian", "data": {"status": "patrolling"}}
{"timestamp": "2026-07-21T05:39:42.478869", "type": "pulse", "data": {"tick": 1784592582.4788642}}
{"timestamp": "2026-07-21T05:39:43.280728", "type": "orchestrator", "data": {"status": "running"}}
{"timestamp": "2026-07-21T05:39:43.340777", "type": "senses", "data": {"status": "listening"}}
{"timestamp": "2026-07-21T05:39:43.481998", "type": "pulse", "data": {"tick": 1784592583.4819932}}
{"timestamp": "2026-07-21T05:39:44.487650", "type": "pulse", "data": {"tick": 1784592584.4876459}}
{"timestamp": "2026-07-21T05:39:45.347198", "type": "senses", "data": {"status": "listening"}}
{"timestamp": "2026-07-21T05:39:45.499897", "type": "pulse", "data": {"tick": 1784592585.4998927}}
{"timestamp": "2026-07-21T05:39:46.284390", "type": "orchestrator", "data": {"status": "running"}}
{"timestamp": "2026-07-21T05:39:46.507462", "type": "pulse", "data": {"tick": 1784592586.5074577}}
{"timestamp": "2026-07-21T05:39:47.246168", "type": "guardian", "data": {"status": "patrolling"}}
{"timestamp": "2026-07-21T05:39:47.354052", "type": "senses", "data": {"status": "listening"}}
{"timestamp": "2026-07-21T05:39:47.515994", "type": "pulse", "data": {"tick": 1784592587.5159895}}
{"timestamp": "2026-07-21T05:39:48.518065", "type": "pulse", "data": {"tick": 1784592588.5180187}}
{"timestamp": "2026-07-21T05:39:49.293078", "type": "orchestrator", "data": {"status": "running"}}
{"timestamp": "2026-07-21T05:39:49.362926", "type": "senses", "data": {"status": "listening"}}
{"timestamp": "2026-07-21T05:39:49.520567", "type": "pulse", "data": {"tick": 1784592589.52056}}
{"timestamp": "2026-07-21T05:39:50.534092", "type": "pulse", "data": {"tick": 1784592590.5340874}}
{"timestamp": "2026-07-21T05:39:51.374759", "type": "senses", "data": {"status": "listening"}}
{"timestamp": "2026-07-21T05:39:51.535854", "type": "pulse", "data": {"tick": 1784592591.53585}}
{"timestamp": "2026-07-21T05:39:52.247994", "type": "guardian", "data": {"status": "patrolling"}}
{"timestamp": "2026-07-21T05:39:52.298291", "type": "orchestrator", "data": {"status": "running"}}
{"timestamp": "2026-07-21T05:39:52.541425", "type": "pulse", "data": {"tick": 1784592592.5414202}}
{"timestamp": "2026-07-21T05:39:53.382316", "type": "senses", "data": {"status": "listening"}}
{"timestamp": "2026-07-21T05:39:53.548576", "type": "pulse", "data": {"tick": 1784592593.5485718}}
{"timestamp": "2026-07-21T05:39:54.562278", "type": "pulse", "data": {"tick": 1784592594.562273}}
{"timestamp": "2026-07-21T05:39:55.314421", "type": "orchestrator", "data": {"status": "running"}}
{"timestamp": "2026-07-21T05:39:55.388213", "type": "senses", "data": {"status": "listening"}}
{"timestamp": "2026-07-21T05:39:55.563790", "type": "pulse", "data": {"tick": 1784592595.5637853}}
{"timestamp": "2026-07-21T05:39:56.569191", "type": "pulse", "data": {"tick": 1784592596.569187}}
{"timestamp": "2026-07-21T05:39:57.260583", "type": "guardian", "data": {"status": "patrolling"}}
{"timestamp": "2026-07-21T05:39:57.405667", "type": "senses", "data": {"status": "listening"}}
{"timestamp": "2026-07-21T05:39:57.575678", "type": "pulse", "data": {"tick": 1784592597.575673}}
{"timestamp": "2026-07-21T05:39:58.319340", "type": "orchestrator", "data": {"status": "running"}}
{"timestamp": "2026-07-21T05:39:58.583285", "type": "pulse", "data": {"tick": 1784592598.5832803}}
{"timestamp": "2026-07-21T05:39:59.412437", "type": "senses", "data": {"status": "listening"}}
{"timestamp": "2026-07-21T05:39:59.592586", "type": "pulse", "data": {"tick": 1784592599.5925813}}
{"timestamp": "2026-07-21T05:40:00.598861", "type": "pulse", "data": {"tick": 1784592600.5988557}}
{"timestamp": "2026-07-21T05:40:01.322043", "type": "orchestrator", "data": {"status": "running"}}
{"timestamp": "2026-07-21T05:40:01.430186", "type": "senses", "data": {"status": "listening"}}
{"timestamp": "2026-07-21T05:40:01.603837", "type": "pulse", "data": {"tick": 1784592601.6038308}}
{"timestamp": "2026-07-21T05:40:02.271406", "type": "guardian", "data": {"status": "patrolling"}}
{"timestamp": "2026-07-21T05:40:02.611820", "type": "pulse", "data": {"tick": 1784592602.6118133}}
{"timestamp": "2026-07-21T05:40:03.440750", "type": "senses", "data": {"status": "listening"}}
{"timestamp": "2026-07-21T05:40:03.628223", "type": "pulse", "data": {"tick": 1784592603.6282182}}
{"timestamp": "2026-07-21T05:40:04.332900", "type": "orchestrator", "data": {"status": "running"}}
{"timestamp": "2026-07-21T05:40:04.631523", "type": "pulse", "data": {"tick": 1784592604.6315181}}
{"timestamp": "2026-07-21T05:40:05.445578", "type": "senses", "data": {"status": "listening"}}
{"timestamp": "2026-07-21T05:40:05.638370", "type": "pulse", "data": {"tick": 1784592605.6383655}}
{"timestamp": "2026-07-21T05:40:06.645764", "type": "pulse", "data": {"tick": 1784592606.6457598}}
{"timestamp": "2026-07-21T05:40:07.288394", "type": "guardian", "data": {"status": "patrolling"}}
{"timestamp": "2026-07-21T05:40:07.342090", "type": "orchestrator", "data": {"status": "running"}}
{"timestamp": "2026-07-21T05:40:07.450955", "type": "senses", "data": {"status": "listening"}}
{"timestamp": "2026-07-21T05:40:07.651772", "type": "pulse", "data": {"tick": 1784592607.651767}}
{"timestamp": "2026-07-21T05:40:08.659227", "type": "pulse", "data": {"tick": 1784592608.6592228}}
{"timestamp": "2026-07-21T05:40:09.457698", "type": "senses", "data": {"status": "listening"}}
{"timestamp": "2026-07-21T05:40:09.665804", "type": "pulse", "data": {"tick": 1784592609.665799}}
{"timestamp": "2026-07-21T05:40:10.342650", "type": "orchestrator", "data": {"status": "running"}}
{"timestamp": "2026-07-21T05:40:10.672264", "type": "pulse", "data": {"tick": 1784592610.6722598}}
{"timestamp": "2026-07-21T05:40:11.473500", "type": "senses", "data": {"status": "listening"}}
{"timestamp": "2026-07-21T05:40:11.676433", "type": "pulse", "data": {"tick": 1784592611.6764283}}
{"timestamp": "2026-07-21T05:40:12.294593", "type": "guardian", "data": {"status": "patrolling"}}
{"timestamp": "2026-07-21T05:40:12.686078", "type": "pulse", "data": {"tick": 1784592612.6860726}}
{"timestamp": "2026-07-21T05:40:13.346997", "type": "orchestrator", "data": {"status": "running"}}
{"timestamp": "2026-07-21T05:40:13.482568", "type": "senses", "data": {"status": "listening"}}
{"timestamp": "2026-07-21T05:40:13.694393", "type": "pulse", "data": {"tick": 1784592613.6943877}}
{"timestamp": "2026-07-21T05:40:14.700928", "type": "pulse", "data": {"tick": 1784592614.700914}}
{"timestamp": "2026-07-21T05:40:15.494680", "type": "senses", "data": {"status": "listening"}}
{"timestamp": "2026-07-21T05:40:15.702923", "type": "pulse", "data": {"tick": 1784592615.702919}}
{"timestamp": "2026-07-21T05:40:16.353568", "type": "orchestrator", "data": {"status": "running"}}
{"timestamp": "2026-07-21T05:40:16.708008", "type": "pulse", "data": {"tick": 1784592616.708004}}
{"timestamp": "2026-07-21T05:40:17.305360", "type": "guardian", "data": {"status": "patrolling"}}
{"timestamp": "2026-07-21T05:40:17.500122", "type": "senses", "data": {"status": "listening"}}
{"timestamp": "2026-07-21T05:40:17.714931", "type": "pulse", "data": {"tick": 1784592617.7149274}}
{"timestamp": "2026-07-21T05:40:18.721831", "type": "pulse", "data": {"tick": 1784592618.7218256}}
{"timestamp": "2026-07-21T05:40:19.367586", "type": "orchestrator", "data": {"status": "running"}}
{"timestamp": "2026-07-21T05:40:19.513058", "type": "senses", "data": {"status": "listening"}}
{"timestamp": "2026-07-21T05:40:19.728784", "type": "pulse", "data": {"tick": 1784592619.7287796}}
{"timestamp": "2026-07-21T05:40:20.735703", "type": "pulse", "data": {"tick": 1784592620.7356977}}
{"timestamp": "2026-07-21T05:40:21.527296", "type": "senses", "data": {"status": "listening"}}
{"timestamp": "2026-07-21T05:40:21.736742", "type": "pulse", "data": {"tick": 1784592621.736738}}
{"timestamp": "2026-07-21T05:40:22.313845", "type": "guardian", "data": {"status": "patrolling"}}
{"timestamp": "2026-07-21T05:40:22.374012", "type": "orchestrator", "data": {"status": "running"}}
{"timestamp": "2026-07-21T05:40:22.744701", "type": "pulse", "data": {"tick": 1784592622.7446964}}
{"timestamp": "2026-07-21T05:40:23.534708", "type": "senses", "data": {"status": "listening"}}
{"timestamp": "2026-07-21T05:40:23.749331", "type": "pulse", "data": {"tick": 1784592623.7493267}}
{"timestamp": "2026-07-21T05:40:24.753123", "type": "pulse", "data": {"tick": 1784592624.7531185}}
{"timestamp": "2026-07-21T05:40:25.389767", "type": "orchestrator", "data": {"status": "running"}}
{"timestamp": "2026-07-21T05:40:25.540888", "type": "senses", "data": {"status": "listening"}}
{"timestamp": "2026-07-21T05:40:25.756041", "type": "pulse", "data": {"tick": 1784592625.756036}}
{"timestamp": "2026-07-21T05:40:26.763374", "type": "pulse", "data": {"tick": 1784592626.7633677}}
{"timestamp": "2026-07-21T05:40:27.320882", "type": "guardian", "data": {"status": "patrolling"}}
{"timestamp": "2026-07-21T05:40:27.542024", "type": "senses", "data": {"status": "listening"}}
{"timestamp": "2026-07-21T05:40:27.778715", "type": "pulse", "data": {"tick": 1784592627.7787104}}
{"timestamp": "2026-07-21T05:40:28.395103", "type": "orchestrator", "data": {"status": "running"}}
{"timestamp": "2026-07-21T05:40:28.784071", "type": "pulse", "data": {"tick": 1784592628.7840657}}
{"timestamp": "2026-07-21T05:40:29.548218", "type": "senses", "data": {"status": "listening"}}
{"timestamp": "2026-07-21T05:40:29.791057", "type": "pulse", "data": {"tick": 1784592629.791051}}
{"timestamp": "2026-07-21T05:40:30.797518", "type": "pulse", "data": {"tick": 1784592630.7975135}}
{"timestamp": "2026-07-21T05:40:31.401952", "type": "orchestrator", "data": {"status": "running"}}
{"timestamp": "2026-07-21T05:40:31.556405", "type": "senses", "data": {"status": "listening"}}
{"timestamp": "2026-07-21T05:40:31.804994", "type": "pulse", "data": {"tick": 1784592631.8049886}}
{"timestamp": "2026-07-21T05:40:32.325806", "type": "guardian", "data": {"status": "patrolling"}}
{"timestamp": "2026-07-21T05:40:32.811911", "type": "pulse", "data": {"tick": 1784592632.811907}}
{"timestamp": "2026-07-21T05:40:33.561705", "type": "senses", "data": {"status": "listening"}}
{"timestamp": "2026-07-21T05:40:33.825837", "type": "pulse", "data": {"tick": 1784592633.825826}}
{"timestamp": "2026-07-21T05:40:34.411472", "type": "orchestrator", "data": {"status": "running"}}
{"timestamp": "2026-07-21T05:40:34.828137", "type": "pulse", "data": {"tick": 1784592634.8281329}}
{"timestamp": "2026-07-21T05:40:35.578989", "type": "senses", "data": {"status": "listening"}}
{"timestamp": "2026-07-21T05:40:35.839333", "type": "pulse", "data": {"tick": 1784592635.8393276}}
{"timestamp": "2026-07-21T05:40:36.856831", "type": "pulse", "data": {"tick": 1784592636.856822}}
{"timestamp": "2026-07-21T05:40:37.339744", "type": "guardian", "data": {"status": "patrolling"}}
{"timestamp": "2026-07-21T05:40:37.428745", "type": "orchestrator", "data": {"status": "running"}}
{"timestamp": "2026-07-21T05:40:37.592411", "type": "senses", "data": {"status": "listening"}}
{"timestamp": "2026-07-21T05:40:37.862705", "type": "pulse", "data": {"tick": 1784592637.8627005}}
{"timestamp": "2026-07-21T05:40:38.867393", "type": "pulse", "data": {"tick": 1784592638.867389}}
{"timestamp": "2026-07-21T05:40:39.596470", "type": "senses", "data": {"status": "listening"}}
{"timestamp": "2026-07-21T05:40:39.874470", "type": "pulse", "data": {"tick": 1784592639.8744657}}
{"timestamp": "2026-07-21T05:40:40.443665", "type": "orchestrator", "data": {"status": "running"}}
{"timestamp": "2026-07-21T05:40:40.888118", "type": "pulse", "data": {"tick": 1784592640.888114}}
{"timestamp": "2026-07-21T05:40:41.603484", "type": "senses", "data": {"status": "listening"}}
{"timestamp": "2026-07-21T05:40:41.892809", "type": "pulse", "data": {"tick": 1784592641.892804}}
{"timestamp": "2026-07-21T05:40:42.346552", "type": "guardian", "data": {"status": "patrolling"}}
{"timestamp": "2026-07-21T05:40:42.894784", "type": "pulse", "data": {"tick": 1784592642.8947792}}
{"timestamp": "2026-07-21T05:40:43.458646", "type": "orchestrator", "data": {"status": "running"}}
{"timestamp": "2026-07-21T05:40:43.610190", "type": "senses", "data": {"status": "listening"}}
{"timestamp": "2026-07-21T05:40:43.907552", "type": "pulse", "data": {"tick": 1784592643.9075475}}
{"timestamp": "2026-07-21T05:40:44.912918", "type": "pulse", "data": {"tick": 1784592644.9129136}}
{"timestamp": "2026-07-21T05:40:45.617193", "type": "senses", "data": {"status": "listening"}}
{"timestamp": "2026-07-21T05:40:45.918917", "type": "pulse", "data": {"tick": 1784592645.9189122}}
{"timestamp": "2026-07-21T05:40:46.468801", "type": "orchestrator", "data": {"status": "running"}}
{"timestamp": "2026-07-21T05:40:46.929783", "type": "pulse", "data": {"tick": 1784592646.9297771}}
{"timestamp": "2026-07-21T05:40:47.353130", "type": "guardian", "data": {"status": "patrolling"}}
{"timestamp": "2026-07-21T05:40:47.624208", "type": "senses", "data": {"status": "listening"}}
{"timestamp": "2026-07-21T05:40:47.938981", "type": "pulse", "data": {"tick": 1784592647.9389772}}
{"timestamp": "2026-07-21T05:40:48.943557", "type": "pulse", "data": {"tick": 1784592648.9435408}}
{"timestamp": "2026-07-21T05:40:49.472613", "type": "orchestrator", "data": {"status": "running"}}
{"timestamp": "2026-07-21T05:40:49.631188", "type": "senses", "data": {"status": "listening"}}
{"timestamp": "2026-07-21T05:40:49.950341", "type": "pulse", "data": {"tick": 1784592649.9503365}}
{"timestamp": "2026-07-21T05:40:50.964272", "type": "pulse", "data": {"tick": 1784592650.9642575}}
{"timestamp": "2026-07-21T05:40:51.637814", "type": "senses", "data": {"status": "listening"}}
{"timestamp": "2026-07-21T05:40:51.978482", "type": "pulse", "data": {"tick": 1784592651.9784772}}
{"timestamp": "2026-07-21T05:40:52.362874", "type": "guardian", "data": {"status": "patrolling"}}
{"timestamp": "2026-07-21T05:40:52.488646", "type": "orchestrator", "data": {"status": "running"}}
{"timestamp": "2026-07-21T05:40:52.988453", "type": "pulse", "data": {"tick": 1784592652.9884472}}
{"timestamp": "2026-07-21T05:40:53.645157", "type": "senses", "data": {"status": "listening"}}
{"timestamp": "2026-07-21T05:40:53.991846", "type": "pulse", "data": {"tick": 1784592653.9918177}}
{"timestamp": "2026-07-21T05:40:54.998724", "type": "pulse", "data": {"tick": 1784592654.9987197}}
{"timestamp": "2026-07-21T05:40:55.504480", "type": "orchestrator", "data": {"status": "running"}}
{"timestamp": "2026-07-21T05:40:55.660562", "type": "senses", "data": {"status": "listening"}}
{"timestamp": "2026-07-21T05:40:56.012478", "type": "pulse", "data": {"tick": 1784592656.0124736}}
{"timestamp": "2026-07-21T05:40:57.028818", "type": "pulse", "data": {"tick": 1784592657.0288017}}
{"timestamp": "2026-07-21T05:40:57.368531", "type": "guardian", "data": {"status": "patrolling"}}
{"timestamp": "2026-07-21T05:40:57.662826", "type": "senses", "data": {"status": "listening"}}
{"timestamp": "2026-07-21T05:40:58.045275", "type": "pulse", "data": {"tick": 1784592658.0452704}}
{"timestamp": "2026-07-21T05:40:58.506253", "type": "orchestrator", "data": {"status": "running"}}
{"timestamp": "2026-07-21T05:40:59.055994", "type": "pulse", "data": {"tick": 1784592659.0559893}}
{"timestamp": "2026-07-21T05:40:59.676118", "type": "senses", "data": {"status": "listening"}}
{"timestamp": "2026-07-21T05:41:00.061808", "type": "pulse", "data": {"tick": 1784592660.0618038}}
{"timestamp": "2026-07-21T05:41:01.069322", "type": "pulse", "data": {"tick": 1784592661.0693178}}
{"timestamp": "2026-07-21T05:41:01.514318", "type": "orchestrator", "data": {"status": "running"}}
{"timestamp": "2026-07-21T05:41:01.688445", "type": "senses", "data": {"status": "listening"}}
{"timestamp": "2026-07-21T05:41:02.082808", "type": "pulse", "data": {"tick": 1784592662.0828044}}
{"timestamp": "2026-07-21T05:41:02.381237", "type": "guardian", "data": {"status": "patrolling"}}
{"timestamp": "2026-07-21T05:41:03.090052", "type": "pulse", "data": {"tick": 1784592663.0900476}}
{"timestamp": "2026-07-21T05:41:03.698709", "type": "senses", "data": {"status": "listening"}}
{"timestamp": "2026-07-21T05:41:04.098053", "type": "pulse", "data": {"tick": 1784592664.098048}}
{"timestamp": "2026-07-21T05:41:04.518669", "type": "orchestrator", "data": {"status": "running"}}
{"timestamp": "2026-07-21T05:41:05.099518", "type": "pulse", "data": {"tick": 1784592665.0995135}}
{"timestamp": "2026-07-21T05:41:05.702178", "type": "senses", "data": {"status": "listening"}}
{"timestamp": "2026-07-21T05:41:06.109879", "type": "pulse", "data": {"tick": 1784592666.109874}}
